// Jest Snapshot v1, https://goo.gl/fbAQLP

exports[`renders without crashing 1`] = `
<div
  className="PlayerTokenContainer"
>
  <div>
    3 coins
  </div>
  <div>
    1 shield
  </div>
</div>
`;
