// Jest Snapshot v1, https://goo.gl/fbAQLP

exports[`renders without crashing 1`] = `
<div
  onMouseLeave={[Function]}
  onTouchEnd={[Function]}
  onTouchStart={[Function]}
/>
`;
