// Jest Snapshot v1, https://goo.gl/fbAQLP

exports[`renders without crashing 1`] = `
<div
  className="GameOverPanel"
>
  <button
    className="QuitButton"
    onClick={[Function]}
    style={
      Object {
        "backgroundColor": "rgba(93, 64, 55)",
        "color": "#FFF",
        "fontSize": "1.25em",
        "width": "8em",
      }
    }
    type="button"
  >
    Quit
  </button>
  <button
    className="primary-button"
    onClick={[Function]}
    style={
      Object {
        "backgroundColor": "rgba(93, 64, 55)",
        "color": "#FFF",
        "fontSize": "1.25em",
        "width": "8em",
      }
    }
    type="button"
  >
    View scores
  </button>
</div>
`;
