// Jest Snapshot v1, https://goo.gl/fbAQLP

exports[`renders without crashing 1`] = `
<section
  className="WonderChooser"
>
  <h1
    className="WonderChooser-title"
  >
    Choose your wonder:
  </h1>
  <div
    className="WonderChooser-selectedWonder"
  >
    <ol
      className="WonderChooser-stageList"
    >
      <li
        className="WonderChooserWonderStage"
      >
        <ul
          className="WonderChooserWonderStage-cost"
        >
          <li>
            Stone
          </li>
          <li>
            Stone
          </li>
        </ul>
        <ul
          className="WonderChooserWonderStage-effectList"
        >
          <li>
            3 points
          </li>
        </ul>
      </li>
      <li
        className="WonderChooserWonderStage"
      >
        <ul
          className="WonderChooserWonderStage-cost"
        >
          <li>
            Wood
          </li>
          <li>
            Wood
          </li>
          <li>
            Wood
          </li>
        </ul>
        <ul
          className="WonderChooserWonderStage-effectList"
        >
          <li>
            5 points
          </li>
        </ul>
      </li>
      <li
        className="WonderChooserWonderStage"
      >
        <ul
          className="WonderChooserWonderStage-cost"
        >
          <li>
            Stone
          </li>
          <li>
            Stone
          </li>
          <li>
            Stone
          </li>
          <li>
            Stone
          </li>
        </ul>
        <ul
          className="WonderChooserWonderStage-effectList"
        >
          <li>
            7 points
          </li>
        </ul>
      </li>
    </ol>
    <button
      className="WonderChooser-wonderSide"
      onClick={[Function]}
      style={
        Object {
          "backgroundColor": "rgba(93, 64, 55)",
        }
      }
      type="button"
    >
      A
    </button>
  </div>
  <ul
    className="WonderChooser-wonderList"
  >
    <li
      className="WonderChooser-wonder"
      onClick={[Function]}
    >
      Colossus of Rhodes
    </li>
    <li
      className="WonderChooser-wonder"
      onClick={[Function]}
    >
      Hanging garden of Babylon
    </li>
    <li
      className="WonderChooser-wonder"
      onClick={[Function]}
    >
      Lighthouse of Alexandria
    </li>
    <li
      className="WonderChooser-wonder"
      onClick={[Function]}
    >
      Mausoleum of Halicarnassus
    </li>
    <li
      className="WonderChooser-wonder selected"
      onClick={[Function]}
    >
      Pyramids of Giza
    </li>
    <li
      className="WonderChooser-wonder"
      onClick={[Function]}
    >
      Statue of Zeus in Olympia
    </li>
    <li
      className="WonderChooser-wonder"
      onClick={[Function]}
    >
      Temple of Artemis in Ephesus
    </li>
  </ul>
  <button
    className="WonderChooser-nextButton primary-button"
    onClick={[Function]}
    type="button"
  >
    Choose wonder
  </button>
  <button
    className="QuitButton"
    onClick={[Function]}
    style={
      Object {
        "bottom": 0,
        "left": 0,
        "position": "absolute",
      }
    }
    type="button"
  >
    Quit
  </button>
</section>
`;
