// Jest Snapshot v1, https://goo.gl/fbAQLP

exports[`renders without crashing 1`] = `
<button
  className="QuitButton"
  onClick={[Function]}
  style={Object {}}
  type="button"
>
  Quit
</button>
`;
